// Jest Snapshot v1, https://goo.gl/fbAQLP

exports[`Search should have a search input and a button 1`] = `
<form
  className="Search"
/>
`;
