// Jest Snapshot v1, https://goo.gl/fbAQLP

exports[`Header should have a heading and a Search component 1`] = `
<header
  className="Header"
>
  <h1>
    Head
    <span
      className="count"
    >
      Count
    </span>
    <span
      className="version"
    >
       2.0
    </span>
  </h1>
  <Search
    findAllMatches={[Function]}
  />
</header>
`;
