// Jest Snapshot v1, https://goo.gl/fbAQLP

exports[`App should render all components 1`] = `
<div
  className="App"
>
  <Header />
  <CardContainer />
</div>
`;
