// Jest Snapshot v1, https://goo.gl/fbAQLP

exports[`CardContainer should have cards 1`] = `
<main
  className="CardContainer"
/>
`;
