// Jest Snapshot v1, https://goo.gl/fbAQLP

exports[`Header should have a heading and a Search component 1`] = `undefined`;
